[2025-10-12 14:48:16][INFO] Loading resources...
[2025-10-12 14:48:16][FINE] Loading resources from: C:\Users\mikeh\OneDrive\Desktop\python builds\Minecraft Server Crafter\Releases\Lite\0.2.15\base\cli\Topograph Map Rendering\BlueMap\data\NEW Server World\mods\advancedcompass.forge.1.20.1-1.2.15.jar ...
[2025-10-12 14:48:16][FINE] Loading resources from: C:\Users\mikeh\OneDrive\Desktop\python builds\Minecraft Server Crafter\Releases\Lite\0.2.15\base\cli\Topograph Map Rendering\BlueMap\data\NEW Server World\mods\allenchantmentsfortrade-1.20.1-1.0.jar ...
[2025-10-12 14:48:16][FINE] Loading resources from: C:\Users\mikeh\OneDrive\Desktop\python builds\Minecraft Server Crafter\Releases\Lite\0.2.15\base\cli\Topograph Map Rendering\BlueMap\data\NEW Server World\mods\appleskin-forge-mc1.20.1-2.5.1.jar ...
[2025-10-12 14:48:17][FINE] Loading resources from: C:\Users\mikeh\OneDrive\Desktop\python builds\Minecraft Server Crafter\Releases\Lite\0.2.15\base\cli\Topograph Map Rendering\BlueMap\data\NEW Server World\mods\architectury-9.2.14-forge.jar ...
[2025-10-12 14:48:17][FINE] Loading resources from: C:\Users\mikeh\OneDrive\Desktop\python builds\Minecraft Server Crafter\Releases\Lite\0.2.15\base\cli\Topograph Map Rendering\BlueMap\data\NEW Server World\mods\athena-forge-1.20.1-3.1.2.jar ...
[2025-10-12 14:48:17][FINE] Loading resources from: C:\Users\mikeh\OneDrive\Desktop\python builds\Minecraft Server Crafter\Releases\Lite\0.2.15\base\cli\Topograph Map Rendering\BlueMap\data\NEW Server World\mods\azurelib-neo-1.20.1-3.0.11.jar ...
[2025-10-12 14:48:17][FINE] Loading resources from: C:\Users\mikeh\OneDrive\Desktop\python builds\Minecraft Server Crafter\Releases\Lite\0.2.15\base\cli\Topograph Map Rendering\BlueMap\data\NEW Server World\mods\badpackets-forge-0.4.3.jar ...
[2025-10-12 14:48:17][FINE] Loading resources from: C:\Users\mikeh\OneDrive\Desktop\python builds\Minecraft Server Crafter\Releases\Lite\0.2.15\base\cli\Topograph Map Rendering\BlueMap\data\NEW Server World\mods\balm-forge-1.20.1-7.3.33-all.jar ...
[2025-10-12 14:48:17][FINE] Loading resources from: C:\Users\mikeh\OneDrive\Desktop\python builds\Minecraft Server Crafter\Releases\Lite\0.2.15\base\cli\Topograph Map Rendering\BlueMap\data\NEW Server World\mods\bellsandwhistles-0.4.5-1.20.x-Create6.0+.jar ...
[2025-10-12 14:48:17][FINE] Loading resources from: C:\Users\mikeh\OneDrive\Desktop\python builds\Minecraft Server Crafter\Releases\Lite\0.2.15\base\cli\Topograph Map Rendering\BlueMap\data\NEW Server World\mods\biomimicry-0.3d+1.20.1.jar ...
[2025-10-12 14:48:17][FINE] Loading resources from: C:\Users\mikeh\OneDrive\Desktop\python builds\Minecraft Server Crafter\Releases\Lite\0.2.15\base\cli\Topograph Map Rendering\BlueMap\data\NEW Server World\mods\blockui-1.20.1-1.0.193.jar ...
[2025-10-12 14:48:17][FINE] Loading resources from: C:\Users\mikeh\OneDrive\Desktop\python builds\Minecraft Server Crafter\Releases\Lite\0.2.15\base\cli\Topograph Map Rendering\BlueMap\data\NEW Server World\mods\Bookshelf-Forge-1.20.1-20.2.13.jar ...
[2025-10-12 14:48:17][FINE] Loading resources from: C:\Users\mikeh\OneDrive\Desktop\python builds\Minecraft Server Crafter\Releases\Lite\0.2.15\base\cli\Topograph Map Rendering\BlueMap\data\NEW Server World\mods\botarium-forge-1.20.1-2.3.4.jar ...
[2025-10-12 14:48:17][FINE] Loading resources from: C:\Users\mikeh\OneDrive\Desktop\python builds\Minecraft Server Crafter\Releases\Lite\0.2.15\base\cli\Topograph Map Rendering\BlueMap\data\NEW Server World\mods\buildinggadgets2-1.0.7.jar ...
[2025-10-12 14:48:17][FINE] Failed to parse condition: Condition-String 'inventory' is invalid!
[2025-10-12 14:48:17][FINE] Loading resources from: C:\Users\mikeh\OneDrive\Desktop\python builds\Minecraft Server Crafter\Releases\Lite\0.2.15\base\cli\Topograph Map Rendering\BlueMap\data\NEW Server World\mods\carryon-forge-1.20.1-2.1.2.7.jar ...
[2025-10-12 14:48:17][FINE] Loading resources from: C:\Users\mikeh\OneDrive\Desktop\python builds\Minecraft Server Crafter\Releases\Lite\0.2.15\base\cli\Topograph Map Rendering\BlueMap\data\NEW Server World\mods\CBiofuel 1.20.1 V1.jar ...
[2025-10-12 14:48:17][FINE] Loading resources from: C:\Users\mikeh\OneDrive\Desktop\python builds\Minecraft Server Crafter\Releases\Lite\0.2.15\base\cli\Topograph Map Rendering\BlueMap\data\NEW Server World\mods\chipped-forge-1.20.1-3.0.7.jar ...
[2025-10-12 14:48:18][FINE] Loading resources from: C:\Users\mikeh\OneDrive\Desktop\python builds\Minecraft Server Crafter\Releases\Lite\0.2.15\base\cli\Topograph Map Rendering\BlueMap\data\NEW Server World\mods\chunkloaders-1.2.8a-forge-mc1.20.1.jar ...
[2025-10-12 14:48:18][FINE] Loading resources from: C:\Users\mikeh\OneDrive\Desktop\python builds\Minecraft Server Crafter\Releases\Lite\0.2.15\base\cli\Topograph Map Rendering\BlueMap\data\NEW Server World\mods\Chunky-1.3.146.jar ...
[2025-10-12 14:48:18][FINE] Loading resources from: C:\Users\mikeh\OneDrive\Desktop\python builds\Minecraft Server Crafter\Releases\Lite\0.2.15\base\cli\Topograph Map Rendering\BlueMap\data\NEW Server World\mods\cloth-config-11.1.136-forge.jar ...
[2025-10-12 14:48:18][FINE] Loading resources from: C:\Users\mikeh\OneDrive\Desktop\python builds\Minecraft Server Crafter\Releases\Lite\0.2.15\base\cli\Topograph Map Rendering\BlueMap\data\NEW Server World\mods\Clumps-forge-1.20.1-12.0.0.4.jar ...
[2025-10-12 14:48:18][FINE] Loading resources from: C:\Users\mikeh\OneDrive\Desktop\python builds\Minecraft Server Crafter\Releases\Lite\0.2.15\base\cli\Topograph Map Rendering\BlueMap\data\NEW Server World\mods\collective-1.20.1-8.3.jar ...
[2025-10-12 14:48:18][FINE] Loading resources from: C:\Users\mikeh\OneDrive\Desktop\python builds\Minecraft Server Crafter\Releases\Lite\0.2.15\base\cli\Topograph Map Rendering\BlueMap\data\NEW Server World\mods\comforts-forge-6.4.0+1.20.1.jar ...
[2025-10-12 14:48:18][FINE] Loading resources from: C:\Users\mikeh\OneDrive\Desktop\python builds\Minecraft Server Crafter\Releases\Lite\0.2.15\base\cli\Topograph Map Rendering\BlueMap\data\NEW Server World\mods\constructionwand-1.20.1-2.11.jar ...
[2025-10-12 14:48:18][FINE] Loading resources from: C:\Users\mikeh\OneDrive\Desktop\python builds\Minecraft Server Crafter\Releases\Lite\0.2.15\base\cli\Topograph Map Rendering\BlueMap\data\NEW Server World\mods\Controlling-forge-1.20.1-12.0.2.jar ...
[2025-10-12 14:48:18][FINE] Loading resources from: C:\Users\mikeh\OneDrive\Desktop\python builds\Minecraft Server Crafter\Releases\Lite\0.2.15\base\cli\Topograph Map Rendering\BlueMap\data\NEW Server World\mods\cookingforblockheads-forge-1.20.1-16.0.13.jar ...
[2025-10-12 14:48:18][FINE] Failed to parse condition: Condition-String 'type' is invalid!
[2025-10-12 14:48:18][FINE] Failed to parse condition: Condition-String 'facing' is invalid!
[2025-10-12 14:48:18][FINE] Failed to parse condition: Condition-String 'flipped' is invalid!
[2025-10-12 14:48:18][FINE] Failed to parse condition: Condition-String 'preservation_chamber' is invalid!
[2025-10-12 14:48:18][FINE] Failed to parse condition: Condition-String 'ice_unit' is invalid!
[2025-10-12 14:48:18][FINE] Failed to parse condition: Condition-String 'type' is invalid!
[2025-10-12 14:48:18][FINE] Failed to parse condition: Condition-String 'facing' is invalid!
[2025-10-12 14:48:18][FINE] Failed to parse condition: Condition-String 'flipped' is invalid!
[2025-10-12 14:48:18][FINE] Failed to parse condition: Condition-String 'preservation_chamber' is invalid!
[2025-10-12 14:48:18][FINE] Failed to parse condition: Condition-String 'ice_unit' is invalid!
[2025-10-12 14:48:18][FINE] Loading resources from: C:\Users\mikeh\OneDrive\Desktop\python builds\Minecraft Server Crafter\Releases\Lite\0.2.15\base\cli\Topograph Map Rendering\BlueMap\data\NEW Server World\mods\corpse-forge-1.20.1-1.0.21.jar ...
[2025-10-12 14:48:18][FINE] Loading resources from: C:\Users\mikeh\OneDrive\Desktop\python builds\Minecraft Server Crafter\Releases\Lite\0.2.15\base\cli\Topograph Map Rendering\BlueMap\data\NEW Server World\mods\Craftable End Portal Frame (1.20.1).jar ...
[2025-10-12 14:48:18][FINE] Loading resources from: C:\Users\mikeh\OneDrive\Desktop\python builds\Minecraft Server Crafter\Releases\Lite\0.2.15\base\cli\Topograph Map Rendering\BlueMap\data\NEW Server World\mods\Craftable Totem Of Undying (1.20.1).jar ...
[2025-10-12 14:48:18][FINE] Loading resources from: C:\Users\mikeh\OneDrive\Desktop\python builds\Minecraft Server Crafter\Releases\Lite\0.2.15\base\cli\Topograph Map Rendering\BlueMap\data\NEW Server World\mods\Create Encased-1.20.1-1.7.2-fix1.jar ...
[2025-10-12 14:48:18][FINE] Loading resources from: C:\Users\mikeh\OneDrive\Desktop\python builds\Minecraft Server Crafter\Releases\Lite\0.2.15\base\cli\Topograph Map Rendering\BlueMap\data\NEW Server World\mods\create-1.20.1-6.0.6.jar ...
[2025-10-12 14:48:18][FINE] Loading resources from: C:\Users\mikeh\OneDrive\Desktop\python builds\Minecraft Server Crafter\Releases\Lite\0.2.15\base\cli\Topograph Map Rendering\BlueMap\data\NEW Server World\mods\create-confectionery1.20.1_v1.1.0.jar ...
[2025-10-12 14:48:18][FINE] Loading resources from: C:\Users\mikeh\OneDrive\Desktop\python builds\Minecraft Server Crafter\Releases\Lite\0.2.15\base\cli\Topograph Map Rendering\BlueMap\data\NEW Server World\mods\Create-Guardian-Beam-Defense-1.3.2b-1.20.1.jar ...
[2025-10-12 14:48:18][FINE] Loading resources from: C:\Users\mikeh\OneDrive\Desktop\python builds\Minecraft Server Crafter\Releases\Lite\0.2.15\base\cli\Topograph Map Rendering\BlueMap\data\NEW Server World\mods\create-new-age-forge-1.20.1-1.1.4.jar ...
[2025-10-12 14:48:18][FINE] Loading resources from: C:\Users\mikeh\OneDrive\Desktop\python builds\Minecraft Server Crafter\Releases\Lite\0.2.15\base\cli\Topograph Map Rendering\BlueMap\data\NEW Server World\mods\create-stuff-additions1.20.1_v2.1.0.jar ...
[2025-10-12 14:48:18][FINE] Loading resources from: C:\Users\mikeh\OneDrive\Desktop\python builds\Minecraft Server Crafter\Releases\Lite\0.2.15\base\cli\Topograph Map Rendering\BlueMap\data\NEW Server World\mods\createaddition-1.20.1-1.3.1.jar ...
[2025-10-12 14:48:18][FINE] Loading resources from: C:\Users\mikeh\OneDrive\Desktop\python builds\Minecraft Server Crafter\Releases\Lite\0.2.15\base\cli\Topograph Map Rendering\BlueMap\data\NEW Server World\mods\CreateDrinks-1.0.2-1.20.1.jar ...
[2025-10-12 14:48:18][FINE] Loading resources from: C:\Users\mikeh\OneDrive\Desktop\python builds\Minecraft Server Crafter\Releases\Lite\0.2.15\base\cli\Topograph Map Rendering\BlueMap\data\NEW Server World\mods\createeditions-1.0.1+1.20.1_forge.jar ...
[2025-10-12 14:48:18][FINE] Loading resources from: C:\Users\mikeh\OneDrive\Desktop\python builds\Minecraft Server Crafter\Releases\Lite\0.2.15\base\cli\Topograph Map Rendering\BlueMap\data\NEW Server World\mods\createnergy-0.0.3.jar ...
[2025-10-12 14:48:18][FINE] Loading resources from: C:\Users\mikeh\OneDrive\Desktop\python builds\Minecraft Server Crafter\Releases\Lite\0.2.15\base\cli\Topograph Map Rendering\BlueMap\data\NEW Server World\mods\createsifter-1.20.1-1.8.6-6.0.6.jar ...
[2025-10-12 14:48:18][FINE] Loading resources from: C:\Users\mikeh\OneDrive\Desktop\python builds\Minecraft Server Crafter\Releases\Lite\0.2.15\base\cli\Topograph Map Rendering\BlueMap\data\NEW Server World\mods\createutilities-0.3.2+1.20.1.jar ...
[2025-10-12 14:48:18][FINE] Loading resources from: C:\Users\mikeh\OneDrive\Desktop\python builds\Minecraft Server Crafter\Releases\Lite\0.2.15\base\cli\Topograph Map Rendering\BlueMap\data\NEW Server World\mods\create_compressed-2.1.0-forge-1.20.1.jar ...
[2025-10-12 14:48:18][FINE] Loading resources from: C:\Users\mikeh\OneDrive\Desktop\python builds\Minecraft Server Crafter\Releases\Lite\0.2.15\base\cli\Topograph Map Rendering\BlueMap\data\NEW Server World\mods\Create_Deco_Casing_3.1.0_1.20.1.jar ...
[2025-10-12 14:48:18][FINE] Loading resources from: C:\Users\mikeh\OneDrive\Desktop\python builds\Minecraft Server Crafter\Releases\Lite\0.2.15\base\cli\Topograph Map Rendering\BlueMap\data\NEW Server World\mods\create_enchantment_industry-1.3.3-for-create-6.0.6.jar ...
[2025-10-12 14:48:18][FINE] Loading resources from: C:\Users\mikeh\OneDrive\Desktop\python builds\Minecraft Server Crafter\Releases\Lite\0.2.15\base\cli\Topograph Map Rendering\BlueMap\data\NEW Server World\mods\create_haven-1.0.0-1.20.1.jar ...
[2025-10-12 14:48:18][FINE] Loading resources from: C:\Users\mikeh\OneDrive\Desktop\python builds\Minecraft Server Crafter\Releases\Lite\0.2.15\base\cli\Topograph Map Rendering\BlueMap\data\NEW Server World\mods\create_mecanical_extruder-1.20.1-1.6.10-6.0.6.jar ...
[2025-10-12 14:48:18][FINE] Loading resources from: C:\Users\mikeh\OneDrive\Desktop\python builds\Minecraft Server Crafter\Releases\Lite\0.2.15\base\cli\Topograph Map Rendering\BlueMap\data\NEW Server World\mods\create_mechanical_spawner-1.20.1-0.1.7-6.0.6.jar ...
[2025-10-12 14:48:18][FINE] Loading resources from: C:\Users\mikeh\OneDrive\Desktop\python builds\Minecraft Server Crafter\Releases\Lite\0.2.15\base\cli\Topograph Map Rendering\BlueMap\data\NEW Server World\mods\create_misc_and_things_ 1.20.1_4.0A.jar ...
[2025-10-12 14:48:18][FINE] Loading resources from: C:\Users\mikeh\OneDrive\Desktop\python builds\Minecraft Server Crafter\Releases\Lite\0.2.15\base\cli\Topograph Map Rendering\BlueMap\data\NEW Server World\mods\create_recycle_1.0.2_forge_1.20.1.jar ...
[2025-10-12 14:48:18][FINE] Loading resources from: C:\Users\mikeh\OneDrive\Desktop\python builds\Minecraft Server Crafter\Releases\Lite\0.2.15\base\cli\Topograph Map Rendering\BlueMap\data\NEW Server World\mods\create_trains_on_trains-1.0.0.jar ...
[2025-10-12 14:48:18][FINE] Loading resources from: C:\Users\mikeh\OneDrive\Desktop\python builds\Minecraft Server Crafter\Releases\Lite\0.2.15\base\cli\Topograph Map Rendering\BlueMap\data\NEW Server World\mods\create_villagerology_1.20.1_0c.jar ...
[2025-10-12 14:48:18][FINE] Loading resources from: C:\Users\mikeh\OneDrive\Desktop\python builds\Minecraft Server Crafter\Releases\Lite\0.2.15\base\cli\Topograph Map Rendering\BlueMap\data\NEW Server World\mods\curios-forge-5.14.1+1.20.1.jar ...
[2025-10-12 14:48:18][FINE] Loading resources from: C:\Users\mikeh\OneDrive\Desktop\python builds\Minecraft Server Crafter\Releases\Lite\0.2.15\base\cli\Topograph Map Rendering\BlueMap\data\NEW Server World\mods\Cyclic-1.20.1-1.13.6.jar ...
[2025-10-12 14:48:18][FINE] Failed to load resource 'cyclic:item_pipe': com.google.gson.JsonSyntaxException: java.nio.charset.MalformedInputException: Input length = 1
[2025-10-12 14:48:18][FINE] Failed to load resource 'cyclic:fluid_pipe': com.google.gson.JsonSyntaxException: java.nio.charset.MalformedInputException: Input length = 1
[2025-10-12 14:48:18][FINE] Failed to load resource 'cyclic:energy_pipe': com.google.gson.JsonSyntaxException: java.nio.charset.MalformedInputException: Input length = 1
[2025-10-12 14:48:18][FINE] Loading resources from: C:\Users\mikeh\OneDrive\Desktop\python builds\Minecraft Server Crafter\Releases\Lite\0.2.15\base\cli\Topograph Map Rendering\BlueMap\data\NEW Server World\mods\deeperdarker-forge-1.20.1-1.3.3.jar ...
[2025-10-12 14:48:18][FINE] Loading resources from: C:\Users\mikeh\OneDrive\Desktop\python builds\Minecraft Server Crafter\Releases\Lite\0.2.15\base\cli\Topograph Map Rendering\BlueMap\data\NEW Server World\mods\dimensional_traders-1.1.jar ...
[2025-10-12 14:48:18][FINE] Loading resources from: C:\Users\mikeh\OneDrive\Desktop\python builds\Minecraft Server Crafter\Releases\Lite\0.2.15\base\cli\Topograph Map Rendering\BlueMap\data\NEW Server World\mods\domum_ornamentum-1.20.1-1.0.290-snapshot-universal.jar ...
[2025-10-12 14:48:18][FINE] Loading resources from: C:\Users\mikeh\OneDrive\Desktop\python builds\Minecraft Server Crafter\Releases\Lite\0.2.15\base\cli\Topograph Map Rendering\BlueMap\data\NEW Server World\mods\dynamicvillagertrades-1.3.1-forge-1.20.jar ...
[2025-10-12 14:48:18][FINE] Loading resources from: C:\Users\mikeh\OneDrive\Desktop\python builds\Minecraft Server Crafter\Releases\Lite\0.2.15\base\cli\Topograph Map Rendering\BlueMap\data\NEW Server World\mods\EasierSleeping-1.20.1-2.1.3.jar ...
[2025-10-12 14:48:18][FINE] Loading resources from: C:\Users\mikeh\OneDrive\Desktop\python builds\Minecraft Server Crafter\Releases\Lite\0.2.15\base\cli\Topograph Map Rendering\BlueMap\data\NEW Server World\mods\EnchantmentDescriptions-Forge-1.20.1-17.1.19.jar ...
[2025-10-12 14:48:18][FINE] Loading resources from: C:\Users\mikeh\OneDrive\Desktop\python builds\Minecraft Server Crafter\Releases\Lite\0.2.15\base\cli\Topograph Map Rendering\BlueMap\data\NEW Server World\mods\enderchests-forge-1.20.1-1.3.jar ...
[2025-10-12 14:48:18][FINE] Loading resources from: C:\Users\mikeh\OneDrive\Desktop\python builds\Minecraft Server Crafter\Releases\Lite\0.2.15\base\cli\Topograph Map Rendering\BlueMap\data\NEW Server World\mods\exdeorum-1.46.jar ...
[2025-10-12 14:48:18][FINE] Loading resources from: C:\Users\mikeh\OneDrive\Desktop\python builds\Minecraft Server Crafter\Releases\Lite\0.2.15\base\cli\Topograph Map Rendering\BlueMap\data\NEW Server World\mods\ExplorersCompass-1.20.1-1.3.3-forge.jar ...
[2025-10-12 14:48:18][FINE] Loading resources from: C:\Users\mikeh\OneDrive\Desktop\python builds\Minecraft Server Crafter\Releases\Lite\0.2.15\base\cli\Topograph Map Rendering\BlueMap\data\NEW Server World\mods\ExtendedVillagerTrades-v2.0.jar ...
[2025-10-12 14:48:18][FINE] Loading resources from: C:\Users\mikeh\OneDrive\Desktop\python builds\Minecraft Server Crafter\Releases\Lite\0.2.15\base\cli\Topograph Map Rendering\BlueMap\data\NEW Server World\mods\extratrades-1.20.1-1.2.jar ...
[2025-10-12 14:48:18][FINE] Loading resources from: C:\Users\mikeh\OneDrive\Desktop\python builds\Minecraft Server Crafter\Releases\Lite\0.2.15\base\cli\Topograph Map Rendering\BlueMap\data\NEW Server World\mods\FarmersDelight-1.20.1-1.2.8.jar ...
[2025-10-12 14:48:19][FINE] Loading resources from: C:\Users\mikeh\OneDrive\Desktop\python builds\Minecraft Server Crafter\Releases\Lite\0.2.15\base\cli\Topograph Map Rendering\BlueMap\data\NEW Server World\mods\FastLeafDecay-32.jar ...
[2025-10-12 14:48:19][FINE] Loading resources from: C:\Users\mikeh\OneDrive\Desktop\python builds\Minecraft Server Crafter\Releases\Lite\0.2.15\base\cli\Topograph Map Rendering\BlueMap\data\NEW Server World\mods\ferritecore-6.0.0-forge.jar ...
[2025-10-12 14:48:19][FINE] Loading resources from: C:\Users\mikeh\OneDrive\Desktop\python builds\Minecraft Server Crafter\Releases\Lite\0.2.15\base\cli\Topograph Map Rendering\BlueMap\data\NEW Server World\mods\ferritecore-6.0.1-forge.jar ...
[2025-10-12 14:48:19][FINE] Loading resources from: C:\Users\mikeh\OneDrive\Desktop\python builds\Minecraft Server Crafter\Releases\Lite\0.2.15\base\cli\Topograph Map Rendering\BlueMap\data\NEW Server World\mods\fixexperiencebug-1.20-46.2.2.jar ...
[2025-10-12 14:48:19][FINE] Loading resources from: C:\Users\mikeh\OneDrive\Desktop\python builds\Minecraft Server Crafter\Releases\Lite\0.2.15\base\cli\Topograph Map Rendering\BlueMap\data\NEW Server World\mods\flib-1.20.1-0.0.15.jar ...
[2025-10-12 14:48:19][FINE] Loading resources from: C:\Users\mikeh\OneDrive\Desktop\python builds\Minecraft Server Crafter\Releases\Lite\0.2.15\base\cli\Topograph Map Rendering\BlueMap\data\NEW Server World\mods\forgivingvoid-forge-1.20-10.0.1.jar ...
[2025-10-12 14:48:19][FINE] Loading resources from: C:\Users\mikeh\OneDrive\Desktop\python builds\Minecraft Server Crafter\Releases\Lite\0.2.15\base\cli\Topograph Map Rendering\BlueMap\data\NEW Server World\mods\FramedBlocks-9.4.2.jar ...
[2025-10-12 14:48:19][FINE] Unknown atlas-source type: framedblocks:anim_splitter
[2025-10-12 14:48:19][FINE] Loading resources from: C:\Users\mikeh\OneDrive\Desktop\python builds\Minecraft Server Crafter\Releases\Lite\0.2.15\base\cli\Topograph Map Rendering\BlueMap\data\NEW Server World\mods\framedcompactdrawers-1.20-6.0.1.jar ...
[2025-10-12 14:48:19][FINE] Loading resources from: C:\Users\mikeh\OneDrive\Desktop\python builds\Minecraft Server Crafter\Releases\Lite\0.2.15\base\cli\Topograph Map Rendering\BlueMap\data\NEW Server World\mods\framework-forge-1.20.1-0.7.15.jar ...
[2025-10-12 14:48:19][FINE] Loading resources from: C:\Users\mikeh\OneDrive\Desktop\python builds\Minecraft Server Crafter\Releases\Lite\0.2.15\base\cli\Topograph Map Rendering\BlueMap\data\NEW Server World\mods\ftb-library-forge-2001.2.10.jar ...
[2025-10-12 14:48:19][FINE] Loading resources from: C:\Users\mikeh\OneDrive\Desktop\python builds\Minecraft Server Crafter\Releases\Lite\0.2.15\base\cli\Topograph Map Rendering\BlueMap\data\NEW Server World\mods\ftb-ultimine-forge-2001.1.6.jar ...
[2025-10-12 14:48:19][FINE] Loading resources from: C:\Users\mikeh\OneDrive\Desktop\python builds\Minecraft Server Crafter\Releases\Lite\0.2.15\base\cli\Topograph Map Rendering\BlueMap\data\NEW Server World\mods\geckolib-forge-1.20.1-4.7.3.jar ...
[2025-10-12 14:48:19][FINE] Loading resources from: C:\Users\mikeh\OneDrive\Desktop\python builds\Minecraft Server Crafter\Releases\Lite\0.2.15\base\cli\Topograph Map Rendering\BlueMap\data\NEW Server World\mods\globalpacks-forge-1.20.1-19.3.5.jar ...
[2025-10-12 14:48:19][FINE] Loading resources from: C:\Users\mikeh\OneDrive\Desktop\python builds\Minecraft Server Crafter\Releases\Lite\0.2.15\base\cli\Topograph Map Rendering\BlueMap\data\NEW Server World\mods\goblintraders-forge-1.20.1-1.9.3.jar ...
[2025-10-12 14:48:19][FINE] Loading resources from: C:\Users\mikeh\OneDrive\Desktop\python builds\Minecraft Server Crafter\Releases\Lite\0.2.15\base\cli\Topograph Map Rendering\BlueMap\data\NEW Server World\mods\infinitetrading-1.20.1-4.6.jar ...
[2025-10-12 14:48:19][FINE] Loading resources from: C:\Users\mikeh\OneDrive\Desktop\python builds\Minecraft Server Crafter\Releases\Lite\0.2.15\base\cli\Topograph Map Rendering\BlueMap\data\NEW Server World\mods\interiors-0.5.6+forge-mc1.20.1-local.jar ...
[2025-10-12 14:48:19][FINE] Loading resources from: C:\Users\mikeh\OneDrive\Desktop\python builds\Minecraft Server Crafter\Releases\Lite\0.2.15\base\cli\Topograph Map Rendering\BlueMap\data\NEW Server World\mods\inventoryhud.forge.1.20.1-3.4.26.jar ...
[2025-10-12 14:48:19][FINE] Loading resources from: C:\Users\mikeh\OneDrive\Desktop\python builds\Minecraft Server Crafter\Releases\Lite\0.2.15\base\cli\Topograph Map Rendering\BlueMap\data\NEW Server World\mods\ironchest-1.20.1-14.4.4.jar ...
[2025-10-12 14:48:19][FINE] Loading resources from: C:\Users\mikeh\OneDrive\Desktop\python builds\Minecraft Server Crafter\Releases\Lite\0.2.15\base\cli\Topograph Map Rendering\BlueMap\data\NEW Server World\mods\ironfurnaces-1.20.1-4.1.6.jar ...
[2025-10-12 14:48:19][FINE] Loading resources from: C:\Users\mikeh\OneDrive\Desktop\python builds\Minecraft Server Crafter\Releases\Lite\0.2.15\base\cli\Topograph Map Rendering\BlueMap\data\NEW Server World\mods\ironshulkerbox-1.20.1-5.3.2.jar ...
[2025-10-12 14:48:19][FINE] Loading resources from: C:\Users\mikeh\OneDrive\Desktop\python builds\Minecraft Server Crafter\Releases\Lite\0.2.15\base\cli\Topograph Map Rendering\BlueMap\data\NEW Server World\mods\iron_ender_chests-1.20-1.0.3.jar ...
[2025-10-12 14:48:19][FINE] Loading resources from: C:\Users\mikeh\OneDrive\Desktop\python builds\Minecraft Server Crafter\Releases\Lite\0.2.15\base\cli\Topograph Map Rendering\BlueMap\data\NEW Server World\mods\Jade-1.20.1-Forge-11.13.1.jar ...
[2025-10-12 14:48:19][FINE] Loading resources from: C:\Users\mikeh\OneDrive\Desktop\python builds\Minecraft Server Crafter\Releases\Lite\0.2.15\base\cli\Topograph Map Rendering\BlueMap\data\NEW Server World\mods\jeed-1.20-2.2.5.jar ...
[2025-10-12 14:48:19][FINE] Loading resources from: C:\Users\mikeh\OneDrive\Desktop\python builds\Minecraft Server Crafter\Releases\Lite\0.2.15\base\cli\Topograph Map Rendering\BlueMap\data\NEW Server World\mods\jei-1.20.1-forge-15.20.0.112.jar ...
[2025-10-12 14:48:19][FINE] Loading resources from: C:\Users\mikeh\OneDrive\Desktop\python builds\Minecraft Server Crafter\Releases\Lite\0.2.15\base\cli\Topograph Map Rendering\BlueMap\data\NEW Server World\mods\jess-1.20.1-forge-1.1.0.jar ...
[2025-10-12 14:48:19][FINE] Loading resources from: C:\Users\mikeh\OneDrive\Desktop\python builds\Minecraft Server Crafter\Releases\Lite\0.2.15\base\cli\Topograph Map Rendering\BlueMap\data\NEW Server World\mods\JustEnoughBeacons-Forge-1.19+-1.1.2.jar ...
[2025-10-12 14:48:19][FINE] Loading resources from: C:\Users\mikeh\OneDrive\Desktop\python builds\Minecraft Server Crafter\Releases\Lite\0.2.15\base\cli\Topograph Map Rendering\BlueMap\data\NEW Server World\mods\justenoughbreeding-forge-1.20-1.20.1-1.5.0.jar ...
[2025-10-12 14:48:19][FINE] Loading resources from: C:\Users\mikeh\OneDrive\Desktop\python builds\Minecraft Server Crafter\Releases\Lite\0.2.15\base\cli\Topograph Map Rendering\BlueMap\data\NEW Server World\mods\JustEnoughProfessions-forge-1.20.1-3.0.1.jar ...
[2025-10-12 14:48:19][FINE] Loading resources from: C:\Users\mikeh\OneDrive\Desktop\python builds\Minecraft Server Crafter\Releases\Lite\0.2.15\base\cli\Topograph Map Rendering\BlueMap\data\NEW Server World\mods\JustEnoughResources-1.20.1-1.4.0.247.jar ...
[2025-10-12 14:48:19][FINE] Loading resources from: C:\Users\mikeh\OneDrive\Desktop\python builds\Minecraft Server Crafter\Releases\Lite\0.2.15\base\cli\Topograph Map Rendering\BlueMap\data\NEW Server World\mods\Kc's Growable Ores-1.20.1-1.0.5.jar ...
[2025-10-12 14:48:19][FINE] Loading resources from: C:\Users\mikeh\OneDrive\Desktop\python builds\Minecraft Server Crafter\Releases\Lite\0.2.15\base\cli\Topograph Map Rendering\BlueMap\data\NEW Server World\mods\kotlinforforge-4.11.0-all.jar ...
[2025-10-12 14:48:19][FINE] Loading resources from: C:\Users\mikeh\OneDrive\Desktop\python builds\Minecraft Server Crafter\Releases\Lite\0.2.15\base\cli\Topograph Map Rendering\BlueMap\data\NEW Server World\mods\LibX-1.20.1-5.0.12.jar ...
[2025-10-12 14:48:19][FINE] Loading resources from: C:\Users\mikeh\OneDrive\Desktop\python builds\Minecraft Server Crafter\Releases\Lite\0.2.15\base\cli\Topograph Map Rendering\BlueMap\data\NEW Server World\mods\mcpitanlib-3.3.9-1.20.1-forge.jar ...
[2025-10-12 14:48:19][FINE] Loading resources from: C:\Users\mikeh\OneDrive\Desktop\python builds\Minecraft Server Crafter\Releases\Lite\0.2.15\base\cli\Topograph Map Rendering\BlueMap\data\NEW Server World\mods\mcw-bridges-3.1.0-mc1.20.1forge.jar ...
[2025-10-12 14:48:19][FINE] Loading resources from: C:\Users\mikeh\OneDrive\Desktop\python builds\Minecraft Server Crafter\Releases\Lite\0.2.15\base\cli\Topograph Map Rendering\BlueMap\data\NEW Server World\mods\melterblock-1.20.1-1.3.5-all.jar ...
[2025-10-12 14:48:19][FINE] Loading resources from: C:\Users\mikeh\OneDrive\Desktop\python builds\Minecraft Server Crafter\Releases\Lite\0.2.15\base\cli\Topograph Map Rendering\BlueMap\data\NEW Server World\mods\minecolonies-1.20.1-1.1.976.jar ...
[2025-10-12 14:48:19][FINE] Failed to load resource 'minecolonies:block/crops/peas/stage6': com.google.gson.JsonSyntaxException: duplicate key: bottom
[2025-10-12 14:48:19][FINE] Failed to load resource 'minecolonies:block/crops/peas/stage5': com.google.gson.JsonSyntaxException: duplicate key: bottom
[2025-10-12 14:48:19][FINE] Failed to load resource 'minecolonies:block/crops/peas/stage4': com.google.gson.JsonSyntaxException: duplicate key: bottom
[2025-10-12 14:48:19][FINE] Failed to load resource 'minecolonies:block/crops/peas/stage3': com.google.gson.JsonSyntaxException: duplicate key: bottom
[2025-10-12 14:48:19][FINE] Failed to load resource 'minecolonies:block/crops/peas/stage2': com.google.gson.JsonSyntaxException: duplicate key: bottom
[2025-10-12 14:48:19][FINE] Failed to load resource 'minecolonies:block/crops/peas/stage1': com.google.gson.JsonSyntaxException: duplicate key: bottom
[2025-10-12 14:48:19][FINE] Failed to load resource 'minecolonies:block/crops/peas/stage0': com.google.gson.JsonSyntaxException: duplicate key: bottom
[2025-10-12 14:48:19][FINE] Failed to load resource 'minecolonies:block/crops/corn/stage6': com.google.gson.JsonSyntaxException: duplicate key: bottom
[2025-10-12 14:48:19][FINE] Failed to load resource 'minecolonies:block/crops/corn/stage5': com.google.gson.JsonSyntaxException: duplicate key: bottom
[2025-10-12 14:48:19][FINE] Failed to load resource 'minecolonies:block/crops/corn/stage4': com.google.gson.JsonSyntaxException: duplicate key: bottom
[2025-10-12 14:48:19][FINE] Failed to load resource 'minecolonies:block/crops/corn/stage3': com.google.gson.JsonSyntaxException: duplicate key: bottom
[2025-10-12 14:48:19][FINE] Loading resources from: C:\Users\mikeh\OneDrive\Desktop\python builds\Minecraft Server Crafter\Releases\Lite\0.2.15\base\cli\Topograph Map Rendering\BlueMap\data\NEW Server World\mods\mining_dimension-1.20.1-1.0.4.jar ...
[2025-10-12 14:48:19][FINE] Loading resources from: C:\Users\mikeh\OneDrive\Desktop\python builds\Minecraft Server Crafter\Releases\Lite\0.2.15\base\cli\Topograph Map Rendering\BlueMap\data\NEW Server World\mods\Mo' Villagers 1.20.1-1.0.jar ...
[2025-10-12 14:48:19][FINE] Loading resources from: C:\Users\mikeh\OneDrive\Desktop\python builds\Minecraft Server Crafter\Releases\Lite\0.2.15\base\cli\Topograph Map Rendering\BlueMap\data\NEW Server World\mods\modernfix-forge-5.24.3+mc1.20.1.jar ...
[2025-10-12 14:48:19][FINE] Loading resources from: C:\Users\mikeh\OneDrive\Desktop\python builds\Minecraft Server Crafter\Releases\Lite\0.2.15\base\cli\Topograph Map Rendering\BlueMap\data\NEW Server World\mods\molten_vents-1.20.1-2.0.9.jar ...
[2025-10-12 14:48:19][FINE] Loading resources from: C:\Users\mikeh\OneDrive\Desktop\python builds\Minecraft Server Crafter\Releases\Lite\0.2.15\base\cli\Topograph Map Rendering\BlueMap\data\NEW Server World\mods\MouseTweaks-forge-mc1.20.1-2.25.1.jar ...
[2025-10-12 14:48:19][FINE] Loading resources from: C:\Users\mikeh\OneDrive\Desktop\python builds\Minecraft Server Crafter\Releases\Lite\0.2.15\base\cli\Topograph Map Rendering\BlueMap\data\NEW Server World\mods\multipiston-1.20-1.2.43-RELEASE.jar ...
[2025-10-12 14:48:19][FINE] Loading resources from: C:\Users\mikeh\OneDrive\Desktop\python builds\Minecraft Server Crafter\Releases\Lite\0.2.15\base\cli\Topograph Map Rendering\BlueMap\data\NEW Server World\mods\multiverse-1.20.1-4.3.1.jar ...
[2025-10-12 14:48:19][FINE] Loading resources from: C:\Users\mikeh\OneDrive\Desktop\python builds\Minecraft Server Crafter\Releases\Lite\0.2.15\base\cli\Topograph Map Rendering\BlueMap\data\NEW Server World\mods\NaturesCompass-1.20.1-1.11.2-forge.jar ...
[2025-10-12 14:48:19][FINE] Loading resources from: C:\Users\mikeh\OneDrive\Desktop\python builds\Minecraft Server Crafter\Releases\Lite\0.2.15\base\cli\Topograph Map Rendering\BlueMap\data\NEW Server World\mods\nocube's_create_compact_exp_1.0.4_forge_1.20.1.jar ...
[2025-10-12 14:48:19][FINE] Loading resources from: C:\Users\mikeh\OneDrive\Desktop\python builds\Minecraft Server Crafter\Releases\Lite\0.2.15\base\cli\Topograph Map Rendering\BlueMap\data\NEW Server World\mods\non_wandering_trader_profession_1.0.1_forge_1.20.1.jar ...
[2025-10-12 14:48:19][FINE] Loading resources from: C:\Users\mikeh\OneDrive\Desktop\python builds\Minecraft Server Crafter\Releases\Lite\0.2.15\base\cli\Topograph Map Rendering\BlueMap\data\NEW Server World\mods\oculus-mc1.20.1-1.8.0.jar ...
[2025-10-12 14:48:19][FINE] Loading resources from: C:\Users\mikeh\OneDrive\Desktop\python builds\Minecraft Server Crafter\Releases\Lite\0.2.15\base\cli\Topograph Map Rendering\BlueMap\data\NEW Server World\mods\Patchouli-1.20.1-84.1-FORGE.jar ...
[2025-10-12 14:48:19][FINE] Loading resources from: C:\Users\mikeh\OneDrive\Desktop\python builds\Minecraft Server Crafter\Releases\Lite\0.2.15\base\cli\Topograph Map Rendering\BlueMap\data\NEW Server World\mods\playertrade-1.20.1-b.jar ...
[2025-10-12 14:48:19][FINE] Loading resources from: C:\Users\mikeh\OneDrive\Desktop\python builds\Minecraft Server Crafter\Releases\Lite\0.2.15\base\cli\Topograph Map Rendering\BlueMap\data\NEW Server World\mods\polymorph-forge-0.49.10+1.20.1.jar ...
[2025-10-12 14:48:19][FINE] Loading resources from: C:\Users\mikeh\OneDrive\Desktop\python builds\Minecraft Server Crafter\Releases\Lite\0.2.15\base\cli\Topograph Map Rendering\BlueMap\data\NEW Server World\mods\refinedstorage-1.12.4.jar ...
[2025-10-12 14:48:19][FINE] Loading resources from: C:\Users\mikeh\OneDrive\Desktop\python builds\Minecraft Server Crafter\Releases\Lite\0.2.15\base\cli\Topograph Map Rendering\BlueMap\data\NEW Server World\mods\refinedstorageaddons-0.10.0.jar ...
[2025-10-12 14:48:19][FINE] Loading resources from: C:\Users\mikeh\OneDrive\Desktop\python builds\Minecraft Server Crafter\Releases\Lite\0.2.15\base\cli\Topograph Map Rendering\BlueMap\data\NEW Server World\mods\resourcefullib-forge-1.20.1-2.1.29.jar ...
[2025-10-12 14:48:19][FINE] Loading resources from: C:\Users\mikeh\OneDrive\Desktop\python builds\Minecraft Server Crafter\Releases\Lite\0.2.15\base\cli\Topograph Map Rendering\BlueMap\data\NEW Server World\mods\rsrequestify-1.20.1-2.3.3.jar ...
[2025-10-12 14:48:19][FINE] Loading resources from: C:\Users\mikeh\OneDrive\Desktop\python builds\Minecraft Server Crafter\Releases\Lite\0.2.15\base\cli\Topograph Map Rendering\BlueMap\data\NEW Server World\mods\samurai_dynasty-0.0.49-1.20.1-neo.jar ...
[2025-10-12 14:48:19][FINE] Loading resources from: C:\Users\mikeh\OneDrive\Desktop\python builds\Minecraft Server Crafter\Releases\Lite\0.2.15\base\cli\Topograph Map Rendering\BlueMap\data\NEW Server World\mods\Searchables-forge-1.20.1-1.0.3.jar ...
[2025-10-12 14:48:19][FINE] Loading resources from: C:\Users\mikeh\OneDrive\Desktop\python builds\Minecraft Server Crafter\Releases\Lite\0.2.15\base\cli\Topograph Map Rendering\BlueMap\data\NEW Server World\mods\shetiphiancore-forge-1.20.1-1.4.jar ...
[2025-10-12 14:48:19][FINE] Loading resources from: C:\Users\mikeh\OneDrive\Desktop\python builds\Minecraft Server Crafter\Releases\Lite\0.2.15\base\cli\Topograph Map Rendering\BlueMap\data\NEW Server World\mods\Simple Enchantments 1.3.3 - 1.20.1.jar ...
[2025-10-12 14:48:19][FINE] Loading resources from: C:\Users\mikeh\OneDrive\Desktop\python builds\Minecraft Server Crafter\Releases\Lite\0.2.15\base\cli\Topograph Map Rendering\BlueMap\data\NEW Server World\mods\simplehats-forge-1.20.1-0.3.2.jar ...
[2025-10-12 14:48:19][FINE] Loading resources from: C:\Users\mikeh\OneDrive\Desktop\python builds\Minecraft Server Crafter\Releases\Lite\0.2.15\base\cli\Topograph Map Rendering\BlueMap\data\NEW Server World\mods\SimpleStorageNetwork-1.20.1-1.12.2.jar ...
[2025-10-12 14:48:19][FINE] Loading resources from: C:\Users\mikeh\OneDrive\Desktop\python builds\Minecraft Server Crafter\Releases\Lite\0.2.15\base\cli\Topograph Map Rendering\BlueMap\data\NEW Server World\mods\simpleworldtimer-1.20.1-1.1.2-beta.jar ...
[2025-10-12 14:48:19][FINE] Loading resources from: C:\Users\mikeh\OneDrive\Desktop\python builds\Minecraft Server Crafter\Releases\Lite\0.2.15\base\cli\Topograph Map Rendering\BlueMap\data\NEW Server World\mods\SkyblockBuilder-1.20.1-5.1.27.jar ...
[2025-10-12 14:48:19][FINE] Loading resources from: C:\Users\mikeh\OneDrive\Desktop\python builds\Minecraft Server Crafter\Releases\Lite\0.2.15\base\cli\Topograph Map Rendering\BlueMap\data\NEW Server World\mods\sliceanddice-forge-3.4.1.jar ...
[2025-10-12 14:48:19][FINE] Loading resources from: C:\Users\mikeh\OneDrive\Desktop\python builds\Minecraft Server Crafter\Releases\Lite\0.2.15\base\cli\Topograph Map Rendering\BlueMap\data\NEW Server World\mods\sophisticatedbackpacks-1.20.1-3.23.23.1285.jar ...
[2025-10-12 14:48:19][FINE] Loading resources from: C:\Users\mikeh\OneDrive\Desktop\python builds\Minecraft Server Crafter\Releases\Lite\0.2.15\base\cli\Topograph Map Rendering\BlueMap\data\NEW Server World\mods\sophisticatedcore-1.20.1-1.2.76.1045.jar ...
[2025-10-12 14:48:19][FINE] Loading resources from: C:\Users\mikeh\OneDrive\Desktop\python builds\Minecraft Server Crafter\Releases\Lite\0.2.15\base\cli\Topograph Map Rendering\BlueMap\data\NEW Server World\mods\sophisticatedstorage-1.20.1-1.3.56.1207.jar ...
[2025-10-12 14:48:19][FINE] Loading resources from: C:\Users\mikeh\OneDrive\Desktop\python builds\Minecraft Server Crafter\Releases\Lite\0.2.15\base\cli\Topograph Map Rendering\BlueMap\data\NEW Server World\mods\squatgrow-forge-5.3.0+mc1.20.1.jar ...
[2025-10-12 14:48:19][FINE] Loading resources from: C:\Users\mikeh\OneDrive\Desktop\python builds\Minecraft Server Crafter\Releases\Lite\0.2.15\base\cli\Topograph Map Rendering\BlueMap\data\NEW Server World\mods\Stargate Journey-1.20.1-0.6.39.jar ...
[2025-10-12 14:48:19][FINE] Loading resources from: C:\Users\mikeh\OneDrive\Desktop\python builds\Minecraft Server Crafter\Releases\Lite\0.2.15\base\cli\Topograph Map Rendering\BlueMap\data\NEW Server World\mods\Steam_Rails-1.6.7+forge-mc1.20.1.jar ...
[2025-10-12 14:48:19][FINE] Loading resources from: C:\Users\mikeh\OneDrive\Desktop\python builds\Minecraft Server Crafter\Releases\Lite\0.2.15\base\cli\Topograph Map Rendering\BlueMap\data\NEW Server World\mods\StorageDrawers-1.20.1-12.9.14.jar ...
[2025-10-12 14:48:19][FINE] Loading resources from: C:\Users\mikeh\OneDrive\Desktop\python builds\Minecraft Server Crafter\Releases\Lite\0.2.15\base\cli\Topograph Map Rendering\BlueMap\data\NEW Server World\mods\structure_gel-1.20.1-2.16.2.jar ...
[2025-10-12 14:48:19][FINE] Loading resources from: C:\Users\mikeh\OneDrive\Desktop\python builds\Minecraft Server Crafter\Releases\Lite\0.2.15\base\cli\Topograph Map Rendering\BlueMap\data\NEW Server World\mods\structurize-1.20.1-1.0.775-snapshot.jar ...
[2025-10-12 14:48:19][FINE] Loading resources from: C:\Users\mikeh\OneDrive\Desktop\python builds\Minecraft Server Crafter\Releases\Lite\0.2.15\base\cli\Topograph Map Rendering\BlueMap\data\NEW Server World\mods\supermartijn642configlib-1.1.8-forge-mc1.20.jar ...
[2025-10-12 14:48:20][FINE] Loading resources from: C:\Users\mikeh\OneDrive\Desktop\python builds\Minecraft Server Crafter\Releases\Lite\0.2.15\base\cli\Topograph Map Rendering\BlueMap\data\NEW Server World\mods\supermartijn642corelib-1.1.18-forge-mc1.20.1.jar ...
[2025-10-12 14:48:20][FINE] Loading resources from: C:\Users\mikeh\OneDrive\Desktop\python builds\Minecraft Server Crafter\Releases\Lite\0.2.15\base\cli\Topograph Map Rendering\BlueMap\data\NEW Server World\mods\towntalk-1.20.1-1.1.0.jar ...
[2025-10-12 14:48:20][FINE] Loading resources from: C:\Users\mikeh\OneDrive\Desktop\python builds\Minecraft Server Crafter\Releases\Lite\0.2.15\base\cli\Topograph Map Rendering\BlueMap\data\NEW Server World\mods\trade-cycling-forge-1.20.1-1.0.7.jar ...
[2025-10-12 14:48:20][FINE] Loading resources from: C:\Users\mikeh\OneDrive\Desktop\python builds\Minecraft Server Crafter\Releases\Lite\0.2.15\base\cli\Topograph Map Rendering\BlueMap\data\NEW Server World\mods\tradeuses-1.2.4-1.20.x-FORGE.jar ...
[2025-10-12 14:48:20][FINE] Loading resources from: C:\Users\mikeh\OneDrive\Desktop\python builds\Minecraft Server Crafter\Releases\Lite\0.2.15\base\cli\Topograph Map Rendering\BlueMap\data\NEW Server World\mods\veinmining-forge-1.5.0+1.20.1.jar ...
[2025-10-12 14:48:20][FINE] Loading resources from: C:\Users\mikeh\OneDrive\Desktop\python builds\Minecraft Server Crafter\Releases\Lite\0.2.15\base\cli\Topograph Map Rendering\BlueMap\data\NEW Server World\mods\wandering trader trades.jar ...
[2025-10-12 14:48:20][FINE] Loading resources from: C:\Users\mikeh\OneDrive\Desktop\python builds\Minecraft Server Crafter\Releases\Lite\0.2.15\base\cli\Topograph Map Rendering\BlueMap\data\NEW Server World\mods\worldedit-mod-7.2.15.jar ...
[2025-10-12 14:48:20][FINE] Loading resources from: C:\Users\mikeh\OneDrive\Desktop\python builds\Minecraft Server Crafter\Releases\Lite\0.2.15\base\cli\Topograph Map Rendering\BlueMap\data\NEW Server World\mods\YungsApi-1.20-Forge-4.0.6.jar ...
[2025-10-12 14:48:20][FINE] Loading resources from: C:\Users\mikeh\OneDrive\Desktop\python builds\Minecraft Server Crafter\Releases\Lite\0.2.15\base\cli\Topograph Map Rendering\BlueMap\data\NEW Server World\mods\YungsBetterDungeons-1.20-Forge-4.0.4.jar ...
[2025-10-12 14:48:20][FINE] Loading resources from: C:\Users\mikeh\OneDrive\Desktop\python builds\Minecraft Server Crafter\Releases\Lite\0.2.15\base\cli\Topograph Map Rendering\BlueMap\data\NEW Server World\mods\YungsBetterEndIsland-1.20-Forge-2.0.6.jar ...
[2025-10-12 14:48:20][FINE] Loading resources from: C:\Users\mikeh\OneDrive\Desktop\python builds\Minecraft Server Crafter\Releases\Lite\0.2.15\base\cli\Topograph Map Rendering\BlueMap\data\NEW Server World\mods\[1.20.1]davesbuilds.jar ...
[2025-10-12 14:48:20][FINE] Loading resources from: data\resourceExtensions.zip ...
[2025-10-12 14:48:20][FINE] Loading resources from: data\minecraft-client-1.20.1.jar ...
[2025-10-12 14:48:20][FINE] Collecting texture-keys...
[2025-10-12 14:48:20][FINE] Found 12947 texture-keys.
[2025-10-12 14:48:20][FINE] Loading textures from: C:\Users\mikeh\OneDrive\Desktop\python builds\Minecraft Server Crafter\Releases\Lite\0.2.15\base\cli\Topograph Map Rendering\BlueMap\data\NEW Server World\mods\advancedcompass.forge.1.20.1-1.2.15.jar ...
[2025-10-12 14:48:20][FINE] Loading textures from: C:\Users\mikeh\OneDrive\Desktop\python builds\Minecraft Server Crafter\Releases\Lite\0.2.15\base\cli\Topograph Map Rendering\BlueMap\data\NEW Server World\mods\allenchantmentsfortrade-1.20.1-1.0.jar ...
[2025-10-12 14:48:20][FINE] Loading textures from: C:\Users\mikeh\OneDrive\Desktop\python builds\Minecraft Server Crafter\Releases\Lite\0.2.15\base\cli\Topograph Map Rendering\BlueMap\data\NEW Server World\mods\appleskin-forge-mc1.20.1-2.5.1.jar ...
[2025-10-12 14:48:20][FINE] Loading textures from: C:\Users\mikeh\OneDrive\Desktop\python builds\Minecraft Server Crafter\Releases\Lite\0.2.15\base\cli\Topograph Map Rendering\BlueMap\data\NEW Server World\mods\architectury-9.2.14-forge.jar ...
[2025-10-12 14:48:20][FINE] Loading textures from: C:\Users\mikeh\OneDrive\Desktop\python builds\Minecraft Server Crafter\Releases\Lite\0.2.15\base\cli\Topograph Map Rendering\BlueMap\data\NEW Server World\mods\athena-forge-1.20.1-3.1.2.jar ...
[2025-10-12 14:48:20][FINE] Loading textures from: C:\Users\mikeh\OneDrive\Desktop\python builds\Minecraft Server Crafter\Releases\Lite\0.2.15\base\cli\Topograph Map Rendering\BlueMap\data\NEW Server World\mods\azurelib-neo-1.20.1-3.0.11.jar ...
[2025-10-12 14:48:20][FINE] Loading textures from: C:\Users\mikeh\OneDrive\Desktop\python builds\Minecraft Server Crafter\Releases\Lite\0.2.15\base\cli\Topograph Map Rendering\BlueMap\data\NEW Server World\mods\badpackets-forge-0.4.3.jar ...
[2025-10-12 14:48:20][FINE] Loading textures from: C:\Users\mikeh\OneDrive\Desktop\python builds\Minecraft Server Crafter\Releases\Lite\0.2.15\base\cli\Topograph Map Rendering\BlueMap\data\NEW Server World\mods\balm-forge-1.20.1-7.3.33-all.jar ...
[2025-10-12 14:48:20][FINE] Loading textures from: C:\Users\mikeh\OneDrive\Desktop\python builds\Minecraft Server Crafter\Releases\Lite\0.2.15\base\cli\Topograph Map Rendering\BlueMap\data\NEW Server World\mods\bellsandwhistles-0.4.5-1.20.x-Create6.0+.jar ...
[2025-10-12 14:48:20][FINE] Loading textures from: C:\Users\mikeh\OneDrive\Desktop\python builds\Minecraft Server Crafter\Releases\Lite\0.2.15\base\cli\Topograph Map Rendering\BlueMap\data\NEW Server World\mods\biomimicry-0.3d+1.20.1.jar ...
[2025-10-12 14:48:20][FINE] Loading textures from: C:\Users\mikeh\OneDrive\Desktop\python builds\Minecraft Server Crafter\Releases\Lite\0.2.15\base\cli\Topograph Map Rendering\BlueMap\data\NEW Server World\mods\blockui-1.20.1-1.0.193.jar ...
[2025-10-12 14:48:20][FINE] Loading textures from: C:\Users\mikeh\OneDrive\Desktop\python builds\Minecraft Server Crafter\Releases\Lite\0.2.15\base\cli\Topograph Map Rendering\BlueMap\data\NEW Server World\mods\Bookshelf-Forge-1.20.1-20.2.13.jar ...
[2025-10-12 14:48:20][FINE] Loading textures from: C:\Users\mikeh\OneDrive\Desktop\python builds\Minecraft Server Crafter\Releases\Lite\0.2.15\base\cli\Topograph Map Rendering\BlueMap\data\NEW Server World\mods\botarium-forge-1.20.1-2.3.4.jar ...
[2025-10-12 14:48:20][FINE] Loading textures from: C:\Users\mikeh\OneDrive\Desktop\python builds\Minecraft Server Crafter\Releases\Lite\0.2.15\base\cli\Topograph Map Rendering\BlueMap\data\NEW Server World\mods\buildinggadgets2-1.0.7.jar ...
[2025-10-12 14:48:20][FINE] Loading textures from: C:\Users\mikeh\OneDrive\Desktop\python builds\Minecraft Server Crafter\Releases\Lite\0.2.15\base\cli\Topograph Map Rendering\BlueMap\data\NEW Server World\mods\carryon-forge-1.20.1-2.1.2.7.jar ...
[2025-10-12 14:48:20][FINE] Loading textures from: C:\Users\mikeh\OneDrive\Desktop\python builds\Minecraft Server Crafter\Releases\Lite\0.2.15\base\cli\Topograph Map Rendering\BlueMap\data\NEW Server World\mods\CBiofuel 1.20.1 V1.jar ...
[2025-10-12 14:48:20][FINE] Loading textures from: C:\Users\mikeh\OneDrive\Desktop\python builds\Minecraft Server Crafter\Releases\Lite\0.2.15\base\cli\Topograph Map Rendering\BlueMap\data\NEW Server World\mods\chipped-forge-1.20.1-3.0.7.jar ...
